[thetork.com/demos/html/bitrader/index4965.html]
[backblue.gif]
[fade.gif]
[index.html]
[thetork.com/demos/html/bitrader/index.html]
[thetork.com/demos/html/bitrader/assets/images/og.png]
[thetork.com/demos/html/bitrader/assets/images/favicon.png]
[thetork.com/demos/html/bitrader/assets/css/bootstrap.min.css]
[thetork.com/demos/html/bitrader/assets/css/aos.css]
[thetork.com/demos/html/bitrader/assets/css/all.min.css]
[thetork.com/demos/html/bitrader/assets/css/swiper-bundle.min.css]
[thetork.com/demos/html/bitrader/assets/css/style.css]
[thetork.com/demos/html/bitrader/assets/images/logo/preloader.png]
[thetork.com/demos/html/bitrader/assets/images/icon/moon.svg]
[thetork.com/demos/html/bitrader/index-2.html]
[thetork.com/demos/html/bitrader/assets/images/logo/logo.png]
[thetork.com/demos/html/bitrader/assets/images/demo/1.png]
[thetork.com/demos/html/bitrader/index6a08.html]
[thetork.com/demos/html/bitrader/assets/images/demo/1-dark.png]
[thetork.com/demos/html/bitrader/assets/images/demo/2.png]
[thetork.com/demos/html/bitrader/index-26a08.html]
[thetork.com/demos/html/bitrader/assets/images/demo/2-dark.png]
[thetork.com/demos/html/bitrader/index-24965.html]
[thetork.com/demos/html/bitrader/assets/images/demo/3.png]
[thetork.com/demos/html/bitrader/index-36a08.html]
[thetork.com/demos/html/bitrader/assets/images/demo/3-dark.png]
[thetork.com/demos/html/bitrader/index-34965.html]
[thetork.com/demos/html/bitrader/assets/images/demo/4.png]
[thetork.com/demos/html/bitrader/index-46a08.html]
[thetork.com/demos/html/bitrader/assets/images/demo/4-dark.png]
[thetork.com/demos/html/bitrader/index-44965.html]
[thetork.com/demos/html/bitrader/assets/images/demo/5.png]
[thetork.com/demos/html/bitrader/index-56a08.html]
[thetork.com/demos/html/bitrader/assets/images/demo/5-dark.png]
[thetork.com/demos/html/bitrader/index-54965.html]
[thetork.com/demos/html/bitrader/assets/images/demo/new.png]
[thetork.com/demos/html/bitrader/services.html]
[thetork.com/demos/html/bitrader/service-details.html]
[thetork.com/demos/html/bitrader/about.html]
[thetork.com/demos/html/bitrader/price.html]
[thetork.com/demos/html/bitrader/team.html]
[thetork.com/demos/html/bitrader/team-2.html]
[thetork.com/demos/html/bitrader/team-details.html]
[thetork.com/demos/html/bitrader/blogs.html]
[thetork.com/demos/html/bitrader/blog-sidebar.html]
[thetork.com/demos/html/bitrader/blog-details.html]
[thetork.com/demos/html/bitrader/signup.html]
[thetork.com/demos/html/bitrader/signup-2.html]
[thetork.com/demos/html/bitrader/signin.html]
[thetork.com/demos/html/bitrader/signin-2.html]
[thetork.com/demos/html/bitrader/forgot-pass.html]
[thetork.com/demos/html/bitrader/forgot-pass-2.html]
[thetork.com/demos/html/bitrader/404.html]
[thetork.com/demos/html/bitrader/contact.html]
[thetork.com/demos/html/bitrader/assets/images/banner/home1/bg.png]
[thetork.com/demos/html/bitrader/assets/images/banner/home1/3.png]
[thetork.com/demos/html/bitrader/assets/images/banner/home1/1.png]
[thetork.com/demos/html/bitrader/assets/images/banner/home1/4.png]
[thetork.com/demos/html/bitrader/assets/images/partner/light/1.png]
[thetork.com/demos/html/bitrader/assets/images/partner/light/2.png]
[thetork.com/demos/html/bitrader/assets/images/partner/light/3.png]
[thetork.com/demos/html/bitrader/assets/images/partner/light/4.png]
[thetork.com/demos/html/bitrader/assets/images/partner/light/5.png]
[thetork.com/demos/html/bitrader/assets/images/about/1.png]
[thetork.com/demos/html/bitrader/assets/images/feature/1.png]
[thetork.com/demos/html/bitrader/assets/images/feature/5.png]
[thetork.com/demos/html/bitrader/assets/images/feature/2.png]
[thetork.com/demos/html/bitrader/assets/images/feature/6.png]
[thetork.com/demos/html/bitrader/assets/images/feature/7.png]
[thetork.com/demos/html/bitrader/assets/images/feature/8.png]
[thetork.com/demos/html/bitrader/assets/images/feature/shape/1.png]
[thetork.com/demos/html/bitrader/assets/images/service/1.png]
[thetork.com/demos/html/bitrader/assets/images/service/2.png]
[thetork.com/demos/html/bitrader/assets/images/service/3.png]
[thetork.com/demos/html/bitrader/assets/images/service/4.png]
[thetork.com/demos/html/bitrader/assets/images/service/5.png]
[thetork.com/demos/html/bitrader/assets/images/service/6.png]
[thetork.com/demos/html/bitrader/assets/images/icon/1.png]
[thetork.com/demos/html/bitrader/assets/images/icon/check.svg]
[thetork.com/demos/html/bitrader/assets/images/team/1.png]
[thetork.com/demos/html/bitrader/assets/images/team/2.png]
[thetork.com/demos/html/bitrader/assets/images/team/3.png]
[thetork.com/demos/html/bitrader/assets/images/team/4.png]
[thetork.com/demos/html/bitrader/assets/images/team/6.png]
[thetork.com/demos/html/bitrader/assets/images/team/7.png]
[thetork.com/demos/html/bitrader/assets/images/team/8.png]
[thetork.com/demos/html/bitrader/assets/images/blog/1.png]
[thetork.com/demos/html/bitrader/assets/images/blog/author/1.png]
[thetork.com/demos/html/bitrader/assets/images/blog/2.png]
[thetork.com/demos/html/bitrader/assets/images/blog/author/2.png]
[thetork.com/demos/html/bitrader/assets/images/blog/3.png]
[thetork.com/demos/html/bitrader/assets/images/blog/author/3.png]
[thetork.com/demos/html/bitrader/assets/images/testimonial/1.png]
[thetork.com/demos/html/bitrader/assets/images/testimonial/2.png]
[thetork.com/demos/html/bitrader/assets/images/testimonial/6.png]
[thetork.com/demos/html/bitrader/assets/images/others/1.png]
[thetork.com/demos/html/bitrader/assets/images/others/2.png]
[thetork.com/demos/html/bitrader/assets/images/cta/3.png]
[thetork.com/demos/html/bitrader/assets/images/cta/2.png]
[thetork.com/demos/html/bitrader/assets/images/cta/5.png]
[thetork.com/demos/html/bitrader/assets/images/logo/logo-dark.png]
[thetork.com/demos/html/bitrader/assets/images/footer/apple.png]
[www.apple.com/app-store/index.html]
[themeforest.net/user/thetork/portfolio.html]
[thetork.com/demos/html/bitrader/assets/images/footer/1.png]
[thetork.com/demos/html/bitrader/assets/js/bootstrap.bundle.min.js]
[thetork.com/demos/html/bitrader/assets/js/swiper-bundle.min.js]
[thetork.com/demos/html/bitrader/assets/js/all.min.js]
[thetork.com/demos/html/bitrader/assets/js/aos.js]
[thetork.com/demos/html/bitrader/assets/js/fslightbox.js]
[thetork.com/demos/html/bitrader/assets/js/purecounter_vanilla.js]
[thetork.com/demos/html/bitrader/index4965.html]
[thetork.com/demos/html/bitrader/index.html]
[thetork.com/demos/html/bitrader/assets/css/bootstrap.min.css]
[thetork.com/demos/html/bitrader/assets/css/aos.css]
[thetork.com/demos/html/bitrader/assets/js/custom.js]
[thetork.com/demos/html/bitrader/assets/webfonts/fa-brands-400.woff2]
[thetork.com/demos/html/bitrader/assets/webfonts/fa-brands-400.ttf]
[thetork.com/demos/html/bitrader/assets/webfonts/fa-regular-400.woff2]
[thetork.com/demos/html/bitrader/assets/webfonts/fa-regular-400.ttf]
[thetork.com/demos/html/bitrader/assets/webfonts/fa-solid-900.woff2]
[thetork.com/demos/html/bitrader/assets/webfonts/fa-solid-900.ttf]
[thetork.com/demos/html/bitrader/assets/webfonts/fa-v4compatibility.woff2]
[thetork.com/demos/html/bitrader/assets/webfonts/fa-v4compatibility.ttf]
[thetork.com/demos/html/bitrader/assets/css/all.min.css]
[thetork.com/demos/html/bitrader/assets/css/swiper-bundle.min.css]
[thetork.com/demos/html/bitrader/assets/css/style.css]
[thetork.com/demos/html/bitrader/assets/images/icon/moon.svg]
[thetork.com/demos/html/bitrader/index-2.html]
[thetork.com/demos/html/bitrader/index6a08.html]
[thetork.com/demos/html/bitrader/assets/images/banner/home5/bg.svg]
[thetork.com/demos/html/Bitrader/index-3.html]
[thetork.com/demos/html/bitrader/assets/images/banner/home2/bg.png]
[thetork.com/demos/html/bitrader/assets/images/banner/home2/1.png]
[thetork.com/demos/html/bitrader/assets/images/about/icon/1.png]
[thetork.com/demos/html/bitrader/assets/images/about/icon/2.png]
[thetork.com/demos/html/bitrader/assets/images/about/icon/3.png]
[thetork.com/demos/html/bitrader/assets/images/about/3.png]
[thetork.com/demos/html/bitrader/assets/images/icon/2.png]
[thetork.com/demos/html/bitrader/assets/images/team/home2/1.png]
[thetork.com/demos/html/bitrader/assets/images/team/home2/2.png]
[thetork.com/demos/html/bitrader/assets/images/team/home2/3.png]
[thetork.com/demos/html/bitrader/assets/images/team/home2/4.png]
[thetork.com/demos/html/bitrader/assets/images/team/home2/5.png]
[thetork.com/demos/html/bitrader/assets/images/team/home2/6.png]
[thetork.com/demos/html/bitrader/assets/images/team/home2/7.png]
[thetork.com/demos/html/bitrader/assets/images/team/home2/8.png]
[thetork.com/demos/html/bitrader/assets/images/testimonial/3.png]
[thetork.com/demos/html/bitrader/assets/images/testimonial/4.png]
[thetork.com/demos/html/bitrader/assets/images/testimonial/5.png]
[thetork.com/demos/html/bitrader/assets/images/blog/4.png]
[thetork.com/demos/html/bitrader/assets/images/blog/5.png]
[thetork.com/demos/html/bitrader/index-26a08.html]
[thetork.com/demos/html/bitrader/index-24965.html]
[thetork.com/demos/html/bitrader/assets/images/bg/1.png]
[thetork.com/demos/html/bitrader/assets/images/banner/home3/2.png]
[thetork.com/demos/html/bitrader/assets/images/banner/home3/1.png]
[thetork.com/demos/html/bitrader/assets/images/banner/shape/1.png]
[thetork.com/demos/html/bitrader/assets/images/banner/shape/2.png]
[thetork.com/demos/html/bitrader/assets/images/feature/home3/bg.png]
[thetork.com/demos/html/bitrader/assets/images/feature/home3/1.png]
[thetork.com/demos/html/bitrader/assets/images/feature/home3/3.png]
[thetork.com/demos/html/bitrader/assets/images/feature/home3/5.png]
[thetork.com/demos/html/bitrader/assets/images/about/home3/1.png]
[thetork.com/demos/html/bitrader/assets/images/about/home3/5.png]
[thetork.com/demos/html/bitrader/assets/images/about/home3/check.png]
[thetork.com/demos/html/bitrader/assets/images/about/home3/2.png]
[thetork.com/demos/html/bitrader/assets/images/icon/shape/1.png]
[thetork.com/demos/html/bitrader/assets/images/icon/shape/2.png]
[thetork.com/demos/html/bitrader/assets/images/pricing/bg.png]
[thetork.com/demos/html/bitrader/assets/images/icon/shape/3.png]
[thetork.com/demos/html/bitrader/assets/images/others/3.png]
[thetork.com/demos/html/bitrader/assets/images/icon/shape/4.png]
[thetork.com/demos/html/bitrader/assets/images/blog/bg.png]
[thetork.com/demos/html/bitrader/index-36a08.html]
[thetork.com/demos/html/bitrader/index-34965.html]
[thetork.com/demos/html/bitrader/assets/images/banner/home4/1.png]
[thetork.com/demos/html/bitrader/assets/images/banner/home4/2.png]
[thetork.com/demos/html/bitrader/assets/images/banner/home4/icon/1.png]
[thetork.com/demos/html/bitrader/assets/images/banner/home4/icon/2.png]
[thetork.com/demos/html/bitrader/assets/images/banner/home4/icon/3.png]
[thetork.com/demos/html/bitrader/assets/images/banner/home4/icon/4.png]
[thetork.com/demos/html/bitrader/index-46a08.html]
[thetork.com/demos/html/bitrader/index-44965.html]
[thetork.com/demos/html/bitrader/assets/images/logo/logo-2.png]
[thetork.com/demos/html/bitrader/assets/images/banner/home5/1.png]
[thetork.com/demos/html/bitrader/assets/images/banner/home5/2.png]
[thetork.com/demos/html/bitrader/assets/images/banner/shape/4.png]
[thetork.com/demos/html/bitrader/assets/images/banner/shape/3.png]
[thetork.com/demos/html/bitrader/assets/images/partner/home5/1.png]
[thetork.com/demos/html/bitrader/assets/images/partner/home5/2.png]
[thetork.com/demos/html/bitrader/assets/images/partner/home5/6.png]
[thetork.com/demos/html/bitrader/assets/images/partner/home5/4.png]
[thetork.com/demos/html/bitrader/assets/images/partner/home5/5.png]
[thetork.com/demos/html/bitrader/assets/images/partner/home5/3.png]
[thetork.com/demos/html/bitrader/assets/images/about/home5/2.png]
[thetork.com/demos/html/bitrader/assets/images/about/home5/check.png]
[thetork.com/demos/html/bitrader/assets/images/service/home5/1.png]
[thetork.com/demos/html/bitrader/assets/images/service/home5/2.png]
[thetork.com/demos/html/bitrader/assets/images/service/home5/3.png]
[thetork.com/demos/html/bitrader/assets/images/service/home5/4.png]
[thetork.com/demos/html/bitrader/assets/images/service/home5/5.png]
[thetork.com/demos/html/bitrader/assets/images/service/home5/6.png]
[thetork.com/demos/html/bitrader/assets/images/icon/check1.svg]
[thetork.com/demos/html/bitrader/assets/images/others/4.png]
[thetork.com/demos/html/bitrader/assets/images/logo/Logo-2-dark.png]
[thetork.com/demos/html/bitrader/index-56a08.html]
[thetork.com/demos/html/bitrader/index-54965.html]
[thetork.com/demos/html/bitrader/assets/images/header/1.png]
[thetork.com/demos/html/bitrader/assets/images/header/2.png]
[thetork.com/demos/html/bitrader/services.html]
[thetork.com/demos/html/bitrader/assets/images/service/bg.png]
[thetork.com/demos/html/bitrader/assets/images/team/other/1.png]
[thetork.com/demos/html/bitrader/assets/images/team/other/2.png]
[thetork.com/demos/html/bitrader/service-details.html]
[thetork.com/demos/html/bitrader/assets/images/about/4.png]
[thetork.com/demos/html/bitrader/about.html]
[thetork.com/demos/html/bitrader/price.html]
[thetork.com/demos/html/bitrader/team.html]
[thetork.com/demos/html/bitrader/team-2.html]
[thetork.com/demos/html/bitrader/assets/images/team-details/1.png]
[thetork.com/demos/html/bitrader/team-details.html]
[thetork.com/demos/html/bitrader/assets/images/blog/author/4.png]
[thetork.com/demos/html/bitrader/assets/images/blog/author/5.png]
[thetork.com/demos/html/bitrader/assets/images/blog/6.png]
[thetork.com/demos/html/bitrader/assets/images/blog/author/6.png]
[thetork.com/demos/html/bitrader/assets/images/blog/7.png]
[thetork.com/demos/html/bitrader/assets/images/blog/author/7.png]
[thetork.com/demos/html/bitrader/assets/images/blog/8.png]
[thetork.com/demos/html/bitrader/assets/images/blog/author/8.png]
[thetork.com/demos/html/bitrader/assets/images/blog/9.png]
[thetork.com/demos/html/bitrader/assets/images/blog/author/9.png]
[thetork.com/demos/html/bitrader/blogs.html]
[thetork.com/demos/html/bitrader/assets/images/blog/recent/1.png]
[thetork.com/demos/html/bitrader/assets/images/blog/recent/2.png]
[thetork.com/demos/html/bitrader/assets/images/blog/recent/3.png]
[thetork.com/demos/html/bitrader/assets/images/blog/recent/4.png]
[thetork.com/demos/html/bitrader/blog-sidebar.html]
[thetork.com/demos/html/bitrader/assets/images/blog/details/1.png]
[thetork.com/demos/html/bitrader/assets/images/blog/icon/1.png]
[thetork.com/demos/html/bitrader/assets/images/blog/icon/2.png]
[thetork.com/demos/html/bitrader/assets/images/blog/icon/3.png]
[thetork.com/demos/html/bitrader/assets/images/blog/details/2.png]
[thetork.com/demos/html/bitrader/assets/images/blog/details/3.png]
[thetork.com/demos/html/bitrader/assets/images/blog/user/3.png]
[thetork.com/demos/html/bitrader/assets/images/blog/user/replay.svg]
[thetork.com/demos/html/bitrader/assets/images/blog/user/1.png]
[thetork.com/demos/html/bitrader/assets/images/blog/user/2.png]
[thetork.com/demos/html/bitrader/assets/images/blog/user/4.png]
[thetork.com/demos/html/bitrader/blog-details.html]
[thetork.com/demos/html/bitrader/assets/images/others/google.svg]
[thetork.com/demos/html/bitrader/assets/images/contact/4.png]
[thetork.com/demos/html/bitrader/signup.html]
[thetork.com/demos/html/bitrader/assets/images/account/1.png]
[thetork.com/demos/html/bitrader/signup-2.html]
[thetork.com/demos/html/bitrader/signin.html]
[thetork.com/demos/html/bitrader/signin-2.html]
[thetork.com/demos/html/bitrader/forgot-pass.html]
[thetork.com/demos/html/bitrader/forgot-pass-2.html]
[thetork.com/demos/html/bitrader/assets/images/others/error.png]
[thetork.com/demos/html/bitrader/404.html]
[thetork.com/demos/html/bitrader/assets/images/contact/1.png]
[thetork.com/demos/html/bitrader/assets/images/contact/2.png]
[thetork.com/demos/html/bitrader/assets/images/contact/3.png]
[thetork.com/demos/html/bitrader/contact.html]
[thetork.com/demos/html/bitrader/assets/images/icon/check.svg]
[www.apple.com/api-www/global-elements/global-header/v1/assets/globalheader.css]
[www.apple.com/ac/globalfooter/8/en_US/styles/ac-globalfooter.built.css]
[www.apple.com/ac/localnav/8/styles/ac-localnav.built.css]
[www.apple.com/v/app-store/b/images/meta/og__c59t0pflacq61ec8.png]
[www.apple.com/v/app-store/b/built/styles/main.built.css]
[www.apple.com/v/app-store/b/built/styles/overview.built.css]
[www.apple.com/v/app-store/b/built/scripts/head.built.js]
[www.apple.com/api-www/global-elements/global-header/v1/assets/globalheader.umd.js]
[www.apple.com/metrics/ac-analytics/2.19.0/scripts/ac-analytics.js]
[www.apple.com/ac/localnav/8/scripts/ac-localnav.built.js]
[www.apple.com/app-store/developing-for-the-app-store/index.html]
[www.apple.com/app-store/itms-apps_/indexa4ea.html]
[www.apple.com/v/app-store/b/images/overview/icon_appstore__ev0z770zyxoy_large_2x.png]
[www.apple.com/v/app-store/b/images/overview/discovery_stories__fs202x3qvqye_large_2x.jpg]
[www.apple.com/app-store/itms-apps_/indexe966.html]
[www.apple.com/v/app-store/b/images/overview/discovery_curated__2oi3crlasz6q_large_2x.jpg]
[www.apple.com/app-store/itms-apps_/index726f.html]
[www.apple.com/v/app-store/b/images/overview/discovery_in_app__e2uo3q050wqe_large_2x.jpg]
[www.apple.com/v/app-store/b/images/overview/icon_search__d0w979yulru6_large_2x.png]
[www.apple.com/v/app-store/b/images/overview/discovery_details__bguw9nfi7w9u_large_2x.jpg]
[www.apple.com/v/app-store/b/images/overview/privacy_security__c7ffaiitglg2_large_2x.jpg]
[www.apple.com/v/app-store/b/images/overview/privacy_data__fopy0xxbbkuy_large_2x.jpg]
[www.apple.com/v/app-store/b/images/overview/icon_privacy__hzva9ytl1sqe_large_2x.png]
[www.apple.com/v/app-store/b/images/overview/trust_guidelines__dcbhrjxc09km_large_2x.jpg]
[www.apple.com/v/app-store/b/images/overview/icon_family_sharing__c0yp60522tm6_large_2x.png]
[www.apple.com/v/app-store/b/images/overview/trust_payments__exlcink996uu_large_2x.jpg]
[www.apple.com/v/app-store/b/images/overview/experiences_devices__ca7eoggbh2z6_large_2x.jpg]
[www.apple.com/v/app-store/b/images/overview/experiences_developers__bq2xp7axc6k2_large_2x.jpg]
[www.apple.com/v/app-store/b/images/overview/download_instantly__dyrjtbpythg2_large_2x.jpg]
[www.apple.com/v/app-store/b/images/overview/icon_secure_purchase__b1i5fdi73uia_large_2x.png]
[www.apple.com/v/app-store/b/images/overview/download_report__f2klvz2vttui_large_2x.png]
[www.apple.com/v/app-store/b/images/overview/download_applecare__fhyyom94poq6_large_2x.jpg]
[www.apple.com/v/app-store/b/images/overview/icon_currency__c55qostyhouq_large_2x.png]
[www.apple.com/ac/globalfooter/8/en_US/scripts/ac-globalfooter.built.js]
[www.apple.com/app-store/itms-apps_/indexc4b8.html]
[www.apple.com/app-store/itms-apps_/index2fc4.html]
[www.apple.com/app-store/index.html]
[public-assets.envato-static.com/assets/market/core/datadog-7a385c9a5549577f793a26dbb55e174e44928fd3c3490da8d6641a130e7f6dcb.js]
[public-assets.envato-static.com/assets/generated_sprites/logos-20f56d7ae7a08da2c6698db678490c591ce302aedb1fcd05d3ad1e1484d3caf9.png]
[public-assets.envato-static.com/assets/generated_sprites/common-5af54247f3a645893af51456ee4c483f6530608e9c15ca4a8ac5a6e994d9a340.png]
[public-assets.envato-static.com/icons/themeforest.net/apple-touch-icon-72x72-precomposed.png]
[public-assets.envato-static.com/icons/themeforest.net/apple-touch-icon-114x114-precomposed.png]
[public-assets.envato-static.com/icons/themeforest.net/apple-touch-icon-144x144-precomposed.png]
[public-assets.envato-static.com/icons/themeforest.net/apple-touch-icon-precomposed.png]
[public-assets.envato-static.com/assets/market/core/index-00ad47df0491a88d8ee7580820c200b2d57bca4af355868798a4d283578ac8f6.css]
[public-assets.envato-static.com/assets/market/pages/default/index-1808f81d4850ab41429cf13efbdc9fb3652294168b25eccb250b3786213a7839.css]
[public-assets.envato-static.com/assets/market/core/head-27cdb5ede34aef07336dc99fceecaf31a2d50c9615e8116fc60965812916e464.js]
[public-assets.envato-static.com/assets/common/transparent-1px-1f61547480c17dc67dd9a6c38545a5911cc4a8024f6f3c0992e7c1c81fb37578.png]
[public-assets.envato-static.com/assets/header/items-collage-ca34048d7b4c10945a5a4a8d60c14d7cce1429ed7a80c86a6c8fc7ee4566c102.jpg]
[themeforest.net/user/thetork/followers.html]
[themeforest.net/user/thetork/following.html]
[themeforest.net/user/thetork/portfolio2b15.html]
[themeforest.net/user/thetork/portfolio5db0.html]
[previews.customer.envatousercontent.com/files/478144140/thumbnail.png]
[previews.customer.envatousercontent.com/files/471038699/thumbnail.png]
[previews.customer.envatousercontent.com/files/476648013/thumbnail.png]
[previews.customer.envatousercontent.com/files/455478807/Thumbnail.png]
[previews.customer.envatousercontent.com/files/449827858/Thumbnail.png]
[previews.customer.envatousercontent.com/files/447884154/thumbnail.png]
[previews.customer.envatousercontent.com/files/447661619/thumbnail.png]
[previews.customer.envatousercontent.com/files/444163524/thumbnail.png]
[previews.customer.envatousercontent.com/files/443976337/thumbnail.png]
[previews.customer.envatousercontent.com/files/428985880/thumbnail.png]
[previews.customer.envatousercontent.com/files/424669159/thumbnail.png]
[previews.customer.envatousercontent.com/files/421491192/thumbnail.png]
[previews.customer.envatousercontent.com/files/415650927/thumbnail.png]
[public-assets.envato-static.com/assets/themeforest/logo-s-light-2cc510c813f6bf162109bb9dcb35510d98e8a1ea03070d592bc935ef4af87018.png]
[public-assets.envato-static.com/assets/graphicriver/logo-s-light-9e915d5c222529a3e2d5bf6d217beddb1c7b0309f165c06cbd8c2cbdf473a041.png]
[public-assets.envato-static.com/assets/codecanyon/logo-s-light-c59fab63ade94519b4a178ac212351608553e26297e2487f684b5845f2c1134b.png]
[public-assets.envato-static.com/assets/market/core/index-dfa429dd4b549503a868ed47a407ef69724d1d1581f29bdac4781c4637e16cce.js]
[public-assets.envato-static.com/assets/market/core/lazyload-f0fdf08f4783c5b030b32eb74e26ace288ccfeeee00a96df46f974edf09fc853.js]
[public-assets.envato-static.com/assets/market/pages/default/index-6a39c827a06c80b2b34e4d0b51e499c65a22f5d64ab119a78fc8f88a088c73a9.js]
[public-assets.envato-static.com/assets/market/core/standard_measurements-3bc54d0cbac28acaf9e49915490168f52bb9b8bea5d35f6edabb67a686a83af4.js]
[consent.cookiebot.com/uc.js]
[themeforest.net/user/thetork/linkid.130.delayed]
[www.google-analytics.com/analytics.js]
[themeforest.net/user/thetork/portfolio.html]
[thetork.com/demos/html/bitrader/assets/images/banner/home5/bg.svg]
[thetork.com/demos/html/Bitrader/index-3.html]
[thetork.com/demos/html/bitrader/assets/images/logo/logo-2.html]
[thetork.com/demos/html/bitrader/assets/images/icon/check1.svg]
[thetork.com/demos/html/bitrader/assets/images/blog/user/replay.svg]
[thetork.com/demos/html/bitrader/assets/images/others/google.svg]
[www.apple.com/api-www/global-elements/global-header/v1/assets/globalheader.css]
[www.apple.com/ac/globalfooter/8/en_US/styles/ac-globalfooter.built.css]
[www.apple.com/ac/localnav/8/styles/ac-localnav.built.css]
[www.apple.com/v/app-store/b/built/styles/main.built.css]
[www.apple.com/v/app-store/b/built/styles/overview.built.css]
[www.apple.com/v/app-store/b/built/scripts/head.built.js]
[www.apple.com/app-store/;path=/index.html]
[www.apple.com/app-store/i]
[www.apple.com/app-store/POST]
[www.apple.com/app-store/Trident/index.html]
[www.apple.com/app-store/r]
[www.apple.com/app-store/helpers/helpers.js]
[www.apple.com/metrics/ac-analytics/2.19.0/scripts/ac-analytics.js]
[www.apple.com/metrics/ac-analytics/2.19.0/scripts/auto-init.js]
[www.apple.com/v/app-store/b/images/meta/og__c59t0pflacq6_developers1ec8.png]
[www.apple.com/v/app-store/b/built/styles/developers.built.css]
[www.apple.com/v/app-store/b/images/developers/hero_icon__bxg380788ehe_large_2x.jpg]
[www.apple.com/app-store/developing-for-the-app-store/itms-apps_/indexf966.html]
[www.apple.com/v/app-store/b/images/developers/hero__fpyktigxzia2_large_2x.jpg]
[www.apple.com/app-store/developing-for-the-app-store/itms-apps_/index8717.html]
[www.apple.com/v/app-store/b/images/developers/platforms_decade__nx40vq96vqai_large_2x.jpg]
[www.apple.com/v/app-store/b/images/developers/platforms_collections__36qrpvvmi6qi_large_2x.jpg]
[www.apple.com/v/app-store/b/images/developers/tap_to_pay__dfha8077vrue_large_2x.jpg]
[www.apple.com/v/app-store/b/images/developers/platforms_technologies__tdwltlrwqeqq_large_2x.png]
[www.apple.com/v/app-store/b/images/developers/platforms_customers__d2jnkf4fd8ia_large_2x.jpg]
[www.apple.com/v/app-store/b/images/developers/development_apis__e4hb5rsnm8k2_large_2x.jpg]
[www.apple.com/v/app-store/b/images/developers/development_accessibility_icon__cozs2fgpy5ea_large_2x.png]
[www.apple.com/v/app-store/b/images/developers/development_accessibility__cmwy2lp5xqly_large_2x.jpg]
[www.apple.com/v/app-store/b/images/developers/development_ar__cuhay2xaqwmu_large_2x.jpg]
[www.apple.com/v/app-store/b/images/developers/development_ml__ec3q6or86cae_large_2x.jpg]
[www.apple.com/v/app-store/b/images/developers/development_tools__bm71h1onmt42_large_2x.jpg]
[www.apple.com/v/app-store/b/images/developers/xcode_cloud__rhxkay1xw4qy_large_2x.png]
[www.apple.com/v/app-store/b/images/developers/testflight_mac__d4uisb2eej0i_large_2x.jpg]
[www.apple.com/v/app-store/b/images/developers/app_product_page__ghr4jmt5n2aa_large_2x.png]
[www.apple.com/v/app-store/b/images/developers/customize__bkhi9g2fob42_large_2x.png]
[www.apple.com/v/app-store/b/images/developers/development_community__fc02z7xtzoey_large_2x.jpg]
[www.apple.com/v/app-store/b/images/developers/development_technology__cmull6k3h536_large_2x.jpg]
[www.apple.com/v/app-store/b/images/developers/development_support__brbjataz142u_large_2x.png]
[www.apple.com/v/app-store/b/images/developers/business_model__cazp6notws1y_large_2x.png]
[www.apple.com/v/app-store/b/images/developers/app_store_small_business__cgde76sq7f2a_large_2x.png]
[www.apple.com/v/app-store/b/images/developers/business_payments__blx5tc97dmk2_large_2x.jpg]
[www.apple.com/v/app-store/b/images/developers/business_global__caed9aqe8mvm_large_2x.jpg]
[www.apple.com/v/app-store/b/images/developers/business_marketing__dwtggsk67682_large_2x.jpg]
[www.apple.com/v/app-store/b/images/developers/in_app_event_disclaimer__b5ih3oam3r2a_large_2x.jpg]
[www.apple.com/v/app-store/b/images/developers/economy_app__eg6sd5s8zi82_large_2x.jpg]
[www.apple.com/v/app-store/b/images/developers/icon_app_store__blb67xtxdjzm_large_2x.png]
[www.apple.com/ac/localeswitcher/4/en_US/scripts/localeswitcher.built.js]
[www.apple.com/app-store/developing-for-the-app-store/index.html]
[www.apple.com/app-store/itms-apps_/indexa4ea.html]
[www.apple.com/app-store/itms-apps_/indexe966.html]
[www.apple.com/ac/localnav/8/scripts/ac-localnav.built.js]
[www.apple.com/app-store/itms-apps_/index726f.html]
[www.apple.com/app-store/itms-apps_/indexc4b8.html]
[www.apple.com/app-store/itms-apps_/index2fc4.html]
[www.apple.com/ac/globalfooter/8/en_US/scripts/ac-globalfooter.built.js]
[www.youtube.com/user/Apple]
[www.apple.com/v/app-store/b/built/scripts/main.built.js]
[thetork.com/demos/html/bitrader/service.html]
[thetork.com/demos/html/bitrader/assets/images/footer/play.png]
[public-assets.envato-static.com/assets/common/pagination_loader-ccdae013a8bbb92cbd0d52d6e1db2fea8a05b335a67409822029a16505e9adb5.gif]
[public-assets.envato-static.com/assets/common/input-validation__pending-eda46ca6b1d93ee958f6291dcffb19f26970274b1a3405d86e6194d9486f330b.gif]
[public-assets.envato-static.com/assets/generated_sprites/logos_2x-e385160dbd01e36a8d63d91938791184292305a2df166640baee0f7be3c9b481.png]
[public-assets.envato-static.com/assets/community-research/bg-community-research-b8a71218af174a3ae434a3f085b1de4466416b2af9b6915620830121b5a93ad7.jpg]
[public-assets.envato-static.com/assets/badges/bg-badges-6eebf349b6d8ee7ced4be440ca5e67d25ec10f8dcc1ecff89b1614b32bc13e40.jpg]
[public-assets.envato-static.com/assets/common/bg-page-section--light-df7df4ee3302cefd79e92f8178eed1e5d4e535f3b5450288dcc05ba63bfbe904.png]
[public-assets.envato-static.com/assets/common/bg-page-section-a07ab97ca4070e5b25b36ca4d0f246eb1c7ed28403482e573fac8b14dcd2c112.png]
[public-assets.envato-static.com/assets/market/core/index-00ad47df0491a88d8ee7580820c200b2d57bca4af355868798a4d283578ac8f6.css]
[public-assets.envato-static.com/assets/homepage_banner-2f27e5e7bc49b0d27874d2780405656df3dc3165c3af8f67b17db02b8f3660f4.jpg]
[public-assets.envato-static.com/assets/common/small_loader-c10617fc93d9927b6ee25472fa7e3b9dc50ec6541af04dfa0acfcbca9338e79e.gif]
[public-assets.envato-static.com/assets/upload_icons/loading-40b3fa240d6110584d960ab42709b732da4cdcf9a0ebbada2eac6ec62c6d5589.gif]
[public-assets.envato-static.com/assets/upload_icons/ok-eeeeafda72aa861f7971ae20fae275d2526936792e6314c8f414eb7d08e0fc6d.png]
[public-assets.envato-static.com/assets/upload_icons/transit-b7d142c94072c8dabf73cba8b62708e64594634f836b42102f6940686b302b3f.png]
[public-assets.envato-static.com/assets/wordpress-hosting/banner_background-da1b9b0562a9dce09ff9f5a5486c29f5254f1277085a4ae57d682a474e67b144.jpg]
[public-assets.envato-static.com/assets/earnings-page/blueskies@2x-db3024d4bdd6f4ee90fc510b3bb2615c445c2d35b8ee5eaec2b5705f2f01bad0.png]
[public-assets.envato-static.com/assets/earnings-page/spacedata@2x-f9e705a99310b2156ca3851320291c5b88f1bdf1a4507368c632cb733a712861.png]
[public-assets.envato-static.com/assets/earnings-page/caveman@2x-87989dc113b31eea9fde169f7acaec88ffd11c4412b9ff8dea0e0936b81c39af.png]
[public-assets.envato-static.com/assets/common/icons-buttons/warning-b3cc41aec0313ab548b76821ddbeb11fb683276d6c6fcda231d2c7f354be87bd.png]
[public-assets.envato-static.com/assets/fancybox/fancybox_sprite-95641a3e1c130816c8ed2ededffbf5df4c74658914da2124df2e34f89513707c.png]
[public-assets.envato-static.com/assets/fancybox/fancybox_loading-4084d1397c6cb05715de996ff5cd4f7bebcb9c2b365b99ebe5f55d77fe6329ab.gif]
[public-assets.envato-static.com/assets/fancybox/blank-6e8ddbcd39cdd88619bd7ad9a69323b8a52b7fd13728152c49f9ce73671b705e.gif]
[public-assets.envato-static.com/assets/fancybox/fancybox_overlay-416ea0168151a94471c5eb980a02969b0b4be90203bc2e3cb9a1899c3f979a01.png]
[public-assets.envato-static.com/assets/fancybox/fancybox_sprite@2x-2eba1ab393d42ca60d838f0945d25995c3c1e2085e837b48e7740dd7405e4068.png]
[public-assets.envato-static.com/assets/fancybox/fancybox_loading@2x-81f54099406cdfb7aa953f0f761cb33e15a0348842e811c02e48a21f57f02b62.gif]
[public-assets.envato-static.com/assets/market/pages/default/index-1808f81d4850ab41429cf13efbdc9fb3652294168b25eccb250b3786213a7839.css]
[www.googletagmanager.com/gtm5445.html]
[themeforest.net/user/thetork/followers.html]
[themeforest.net/user/thetork/following.html]
[themeforest.net/user/thetork/portfolio2b15.html]
[themeforest.net/user/thetork/portfolio5db0.html]
[themeforest.net/user/thetork/linkid.js]
[www.youtube.com/watch14cd]
[thetork.com/demos/html/bitrader/assets/images/team/5.png]
[thetork.com/demos/html/bitrader/assets/images/cta/4.png]
[www.apple.com/app-store/;path=/index.html]
[www.apple.com/app-store/window.html]
[www.apple.com/app-store/i.html]
[www.apple.com/app-store/Trident/index.html]
[www.apple.com/app-store/POST.html]
[www.apple.com/app-store/r.html]
[www.apple.com/app-store/helpers/helpers.html]
[www.apple.com/v/app-store/b/built/styles/developers.built.css]
[www.apple.com/app-store/developing-for-the-app-store/itms-apps_/index8717.html]
[www.apple.com/app-store/developing-for-the-app-store/itms-apps_/indexf966.html]
[www.apple.com/ac/localeswitcher/4/en_US/scripts/localeswitcher.built.js]
[www.apple.com/v/app-store/b/built/scripts/main.built.js]
[play.google.com/store]
[thetork.com/demos/html/bitrader/service.html]
[public-assets.envato-static.com/images/down.png]
[thetork.com/demos/html/bitrader/assets/images/feature/home3/2.png]
[www.youtube.com/watch56c6]
[www.apple.com/app-store/developing-for-the-app-store/t,window.html]
[www.youtube.com/user/Envato]
